[run] workdir /content/agentvcs/examples/toy_pipeline/workdir-real
[run] manifest v1 b3:ed5369c677e6292f655a704a106b472e3b19d7b2464c2de5a57ed1e819524401
[harness] doc 1/600 steps=3 recall=0.67 check='OK' manifest=b3:ed5369c677e6…
[harness] doc 2/600 steps=6 recall=0.33 check='OK' manifest=b3:ed5369c677e6…
[harness] doc 3/600 steps=9 recall=0.33 check='OK' manifest=b3:ed5369c677e6…
[harness] doc 4/600 steps=12 recall=0.67 check='OK' manifest=b3:ed5369c677e6…
[harness] doc 5/600 steps=15 recall=0.67 check='OK' manifest=b3:ed5369c677e6…
[harness] doc 6/600 steps=18 recall=0.33 check='OK' manifest=b3:ed5369c677e6…
[harness] doc 7/600 steps=21 recall=0.33 check='OK' manifest=b3:ed5369c677e6…
[harness] doc 8/600 steps=24 recall=0.33 check='OK' manifest=b3:ed5369c677e6…
[harness] doc 9/600 steps=27 recall=0.33 check='OK' manifest=b3:ed5369c677e6…
[harness] doc 10/600 steps=30 recall=0.33 check='OK' manifest=b3:ed5369c677e6…
[harness] doc 11/600 steps=33 recall=0.33 check='OK' manifest=b3:ed5369c677e6…
[harness] doc 12/600 steps=36 recall=0.67 check='OK' manifest=b3:ed5369c677e6…
[harness] doc 13/600 steps=39 recall=0.33 check='OK' manifest=b3:ed5369c677e6…
[harness] doc 14/600 steps=42 recall=0.67 check='OK' manifest=b3:ed5369c677e6…
[harness] doc 15/600 steps=45 recall=0.00 check='OK' manifest=b3:ed5369c677e6…
[harness] doc 16/600 steps=48 recall=0.33 check='OK' manifest=b3:ed5369c677e6…
[harness] doc 17/600 steps=51 recall=0.33 check='OK' manifest=b3:ed5369c677e6…
[harness] doc 18/600 steps=54 recall=0.33 check='OK' manifest=b3:ed5369c677e6…
[harness] doc 19/600 steps=57 recall=0.67 check='OK' manifest=b3:ed5369c677e6…
[harness] doc 20/600 steps=60 recall=0.33 check='OK' manifest=b3:ed5369c677e6…
[harness] doc 21/600 steps=63 recall=0.33 check='OK' manifest=b3:ed5369c677e6…
[harness] doc 22/600 steps=66 recall=0.33 check='OK' manifest=b3:ed5369c677e6…
[harness] doc 23/600 steps=69 recall=0.33 check='OK' manifest=b3:ed5369c677e6…
[harness] doc 24/600 steps=72 recall=0.33 check='OK' manifest=b3:ed5369c677e6…
[harness] doc 25/600 steps=75 recall=0.33 check='OK' manifest=b3:ed5369c677e6…
[harness] doc 26/600 steps=78 recall=0.33 check='OK' manifest=b3:ed5369c677e6…
[harness] doc 27/600 steps=81 recall=0.33 check='OK' manifest=b3:ed5369c677e6…
[harness] doc 28/600 steps=84 recall=0.67 check='OK' manifest=b3:ed5369c677e6…
[harness] doc 29/600 steps=87 recall=0.33 check='OK' manifest=b3:ed5369c677e6…
[harness] doc 30/600 steps=90 recall=0.33 check='OK' manifest=b3:ed5369c677e6…
[harness] doc 31/600 steps=93 recall=0.67 check='OK' manifest=b3:ed5369c677e6…
[harness] doc 32/600 steps=96 recall=0.33 check='OK' manifest=b3:ed5369c677e6…
[harness] doc 33/600 steps=99 recall=0.33 check='OK' manifest=b3:ed5369c677e6…
[harness] doc 34/600 steps=102 recall=0.33 check='OK' manifest=b3:ed5369c677e6…
[harness] doc 35/600 steps=105 recall=0.33 check='OK' manifest=b3:ed5369c677e6…
[harness] doc 36/600 steps=108 recall=0.67 check='OK' manifest=b3:ed5369c677e6…
[harness] doc 37/600 steps=111 recall=0.33 check='OK' manifest=b3:ed5369c677e6…
[harness] doc 38/600 steps=114 recall=0.33 check='OK' manifest=b3:ed5369c677e6…
[harness] doc 39/600 steps=117 recall=0.00 check='OK' manifest=b3:ed5369c677e6…
[harness] doc 40/600 steps=120 recall=0.33 check='OK' manifest=b3:ed5369c677e6…
[harness] doc 41/600 steps=123 recall=0.33 check='OK' manifest=b3:ed5369c677e6…
[harness] doc 42/600 steps=126 recall=0.67 check='OK' manifest=b3:ed5369c677e6…
[harness] doc 43/600 steps=129 recall=0.67 check='OK' manifest=b3:ed5369c677e6…
[harness] doc 44/600 steps=132 recall=0.67 check='OK' manifest=b3:ed5369c677e6…
[harness] doc 45/600 steps=135 recall=0.33 check='OK' manifest=b3:ed5369c677e6…
[harness] doc 46/600 steps=138 recall=0.33 check='OK' manifest=b3:ed5369c677e6…
[harness] doc 47/600 steps=141 recall=0.67 check='OK' manifest=b3:ed5369c677e6…
[harness] doc 48/600 steps=144 recall=0.67 check='OK' manifest=b3:ed5369c677e6…
[harness] doc 49/600 steps=147 recall=0.33 check='OK' manifest=b3:ed5369c677e6…
[harness] doc 50/600 steps=150 recall=0.33 check='OK' manifest=b3:ed5369c677e6…
[harness] doc 51/600 steps=153 recall=0.00 check='OK' manifest=b3:ed5369c677e6…
[harness] doc 52/600 steps=156 recall=0.67 check='OK' manifest=b3:ed5369c677e6…
[harness] doc 53/600 steps=159 recall=0.33 check='OK' manifest=b3:ed5369c677e6…
[harness] doc 54/600 steps=162 recall=0.33 check='OK' manifest=b3:ed5369c677e6…
[harness] doc 55/600 steps=165 recall=0.67 check='OK' manifest=b3:ed5369c677e6…
[harness] doc 56/600 steps=168 recall=0.33 check='OK' manifest=b3:ed5369c677e6…
[harness] doc 57/600 steps=171 recall=0.33 check='OK' manifest=b3:ed5369c677e6…
[harness] doc 58/600 steps=174 recall=0.33 check='OK' manifest=b3:ed5369c677e6…
[harness] doc 59/600 steps=177 recall=0.00 check='OK' manifest=b3:ed5369c677e6…
[harness] doc 60/600 steps=180 recall=0.33 check='OK' manifest=b3:ed5369c677e6…
[harness] doc 61/600 steps=183 recall=0.33 check='OK' manifest=b3:ed5369c677e6…
[harness] doc 62/600 steps=186 recall=0.67 check='OK' manifest=b3:ed5369c677e6…
[harness] doc 63/600 steps=189 recall=0.33 check='OK' manifest=b3:ed5369c677e6…
[harness] doc 64/600 steps=192 recall=0.33 check='OK' manifest=b3:ed5369c677e6…
[harness] doc 65/600 steps=195 recall=0.67 check='OK' manifest=b3:ed5369c677e6…
[harness] doc 66/600 steps=198 recall=0.33 check='OK' manifest=b3:ed5369c677e6…
[harness] doc 67/600 steps=201 recall=0.33 check='OK' manifest=b3:ed5369c677e6…
[harness] doc 68/600 steps=204 recall=0.33 check='OK' manifest=b3:ed5369c677e6…
[harness] doc 69/600 steps=207 recall=0.33 check='OK' manifest=b3:ed5369c677e6…
[harness] doc 70/600 steps=210 recall=0.33 check='OK' manifest=b3:ed5369c677e6…
[harness] doc 71/600 steps=213 recall=0.33 check='OK' manifest=b3:ed5369c677e6…
[harness] doc 72/600 steps=216 recall=0.33 check='OK' manifest=b3:ed5369c677e6…
[harness] doc 73/600 steps=219 recall=0.67 check='OK' manifest=b3:ed5369c677e6…
[harness] doc 74/600 steps=222 recall=0.33 check='OK' manifest=b3:ed5369c677e6…
[harness] doc 75/600 steps=225 recall=0.00 check='OK' manifest=b3:ed5369c677e6…
[harness] doc 76/600 steps=228 recall=0.33 check='OK' manifest=b3:ed5369c677e6…
[harness] doc 77/600 steps=231 recall=0.67 check='OK' manifest=b3:ed5369c677e6…
[harness] doc 78/600 steps=234 recall=0.33 check='OK' manifest=b3:ed5369c677e6…
[harness] doc 79/600 steps=237 recall=0.33 check='OK' manifest=b3:ed5369c677e6…
[harness] doc 80/600 steps=240 recall=0.33 check='OK' manifest=b3:ed5369c677e6…
[harness] doc 81/600 steps=243 recall=0.00 check='OK' manifest=b3:ed5369c677e6…
[harness] doc 82/600 steps=246 recall=0.67 check='OK' manifest=b3:ed5369c677e6…
[harness] doc 83/600 steps=249 recall=0.33 check='OK' manifest=b3:ed5369c677e6…
[harness] doc 84/600 steps=252 recall=0.33 check='OK' manifest=b3:ed5369c677e6…
[harness] doc 85/600 steps=255 recall=0.33 check='OK' manifest=b3:ed5369c677e6…
[harness] doc 86/600 steps=258 recall=0.33 check='OK' manifest=b3:ed5369c677e6…
[harness] doc 87/600 steps=261 recall=0.33 check='OK' manifest=b3:ed5369c677e6…
[harness] doc 88/600 steps=264 recall=0.67 check='OK' manifest=b3:ed5369c677e6…
[harness] doc 89/600 steps=267 recall=0.00 check='OK' manifest=b3:ed5369c677e6…
[harness] doc 90/600 steps=270 recall=0.33 check='OK' manifest=b3:ed5369c677e6…
[harness] doc 91/600 steps=273 recall=0.33 check='OK' manifest=b3:ed5369c677e6…
[harness] doc 92/600 steps=276 recall=0.00 check='OK' manifest=b3:ed5369c677e6…
[harness] doc 93/600 steps=279 recall=0.33 check='OK' manifest=b3:ed5369c677e6…
[harness] doc 94/600 steps=282 recall=0.33 check='OK' manifest=b3:ed5369c677e6…
[harness] doc 95/600 steps=285 recall=0.33 check='OK' manifest=b3:ed5369c677e6…
[harness] doc 96/600 steps=288 recall=0.33 check='OK' manifest=b3:ed5369c677e6…
[harness] doc 97/600 steps=291 recall=0.33 check='OK' manifest=b3:ed5369c677e6…
[harness] doc 98/600 steps=294 recall=0.67 check='OK' manifest=b3:ed5369c677e6…
[harness] doc 99/600 steps=297 recall=0.33 check='OK' manifest=b3:ed5369c677e6…
[harness] doc 100/600 steps=300 recall=0.33 check='OK' manifest=b3:ed5369c677e6…
[harness] doc 101/600 steps=303 recall=0.67 check='OK' manifest=b3:ed5369c677e6…
[harness] doc 102/600 steps=306 recall=0.67 check='OK' manifest=b3:ed5369c677e6…
[harness] doc 103/600 steps=309 recall=0.33 check='OK' manifest=b3:ed5369c677e6…
[harness] doc 104/600 steps=312 recall=0.67 check='OK' manifest=b3:ed5369c677e6…
[harness] doc 105/600 steps=315 recall=0.33 check='OK' manifest=b3:ed5369c677e6…
[harness] doc 106/600 steps=318 recall=0.33 check='OK' manifest=b3:ed5369c677e6…
[harness] doc 107/600 steps=321 recall=0.67 check='OK' manifest=b3:ed5369c677e6…
[harness] doc 108/600 steps=324 recall=0.33 check='OK' manifest=b3:ed5369c677e6…
[harness] doc 109/600 steps=327 recall=0.67 check='OK' manifest=b3:ed5369c677e6…
[harness] doc 110/600 steps=330 recall=0.33 check='OK' manifest=b3:ed5369c677e6…
[harness] doc 111/600 steps=333 recall=0.67 check='OK' manifest=b3:ed5369c677e6…
[harness] doc 112/600 steps=336 recall=0.67 check='OK' manifest=b3:ed5369c677e6…
[harness] doc 113/600 steps=339 recall=0.33 check='OK' manifest=b3:ed5369c677e6…
[harness] doc 114/600 steps=342 recall=0.67 check='OK' manifest=b3:ed5369c677e6…
[harness] doc 115/600 steps=345 recall=0.67 check='OK' manifest=b3:ed5369c677e6…
[harness] doc 116/600 steps=348 recall=0.67 check='OK' manifest=b3:ed5369c677e6…
[harness] doc 117/600 steps=351 recall=0.67 check='OK' manifest=b3:ed5369c677e6…
[harness] doc 118/600 steps=354 recall=0.33 check='OK' manifest=b3:ed5369c677e6…
[harness] doc 119/600 steps=357 recall=0.67 check='OK' manifest=b3:ed5369c677e6…
[harness] doc 120/600 steps=360 recall=0.33 check='OK' manifest=b3:ed5369c677e6…
[harness] doc 121/600 steps=363 recall=0.33 check='OK' manifest=b3:ed5369c677e6…
[harness] doc 122/600 steps=366 recall=0.33 check='OK' manifest=b3:ed5369c677e6…
[harness] doc 123/600 steps=369 recall=0.67 check='OK' manifest=b3:ed5369c677e6…
[harness] doc 124/600 steps=372 recall=0.33 check='OK' manifest=b3:ed5369c677e6…
[harness] doc 125/600 steps=375 recall=0.33 check='OK' manifest=b3:ed5369c677e6…
[harness] doc 126/600 steps=378 recall=0.33 check='OK' manifest=b3:ed5369c677e6…
[harness] doc 127/600 steps=381 recall=0.67 check='OK' manifest=b3:ed5369c677e6…
[harness] doc 128/600 steps=384 recall=0.33 check='OK' manifest=b3:ed5369c677e6…
[harness] doc 129/600 steps=387 recall=0.33 check='OK' manifest=b3:ed5369c677e6…
[harness] doc 130/600 steps=390 recall=0.67 check='OK' manifest=b3:ed5369c677e6…
[harness] doc 131/600 steps=393 recall=0.33 check='OK' manifest=b3:ed5369c677e6…
[harness] doc 132/600 steps=396 recall=0.67 check='OK' manifest=b3:ed5369c677e6…
[harness] doc 133/600 steps=399 recall=0.33 check='OK' manifest=b3:ed5369c677e6…
[harness] doc 134/600 steps=402 recall=0.67 check='OK' manifest=b3:ed5369c677e6…
[harness] doc 135/600 steps=405 recall=0.33 check='OK' manifest=b3:ed5369c677e6…
[harness] doc 136/600 steps=408 recall=0.33 check='OK' manifest=b3:ed5369c677e6…
[harness] doc 137/600 steps=411 recall=0.00 check='OK' manifest=b3:ed5369c677e6…
[harness] doc 138/600 steps=414 recall=0.33 check='OK' manifest=b3:ed5369c677e6…
[harness] doc 139/600 steps=417 recall=0.33 check='OK' manifest=b3:ed5369c677e6…
[harness] doc 140/600 steps=420 recall=0.33 check='OK' manifest=b3:ed5369c677e6…
[harness] doc 141/600 steps=423 recall=0.67 check='OK' manifest=b3:ed5369c677e6…
[harness] doc 142/600 steps=426 recall=0.33 check='OK' manifest=b3:ed5369c677e6…
[harness] doc 143/600 steps=429 recall=0.33 check='OK' manifest=b3:ed5369c677e6…
[harness] doc 144/600 steps=432 recall=0.33 check='OK' manifest=b3:ed5369c677e6…
[harness] doc 145/600 steps=435 recall=0.33 check='OK' manifest=b3:ed5369c677e6…
[harness] doc 146/600 steps=438 recall=0.33 check='OK' manifest=b3:ed5369c677e6…
[harness] doc 147/600 steps=441 recall=0.33 check='OK' manifest=b3:ed5369c677e6…
[harness] doc 148/600 steps=444 recall=0.33 check='OK' manifest=b3:ed5369c677e6…
[harness] doc 149/600 steps=447 recall=0.33 check='OK' manifest=b3:ed5369c677e6…
[supervisor] 150 extractions, mean recall 0.402; checker flagged steps []
[harness] doc 150/600 steps=450 recall=0.00 check='OK' manifest=b3:ed5369c677e6…
[supervisor] proposed b3:e4b07fbd634f…: ['extract.prompt']
[harness] doc 151/600 steps=453 recall=0.67 check='OK' manifest=b3:ed5369c677e6…
[harness] doc 152/600 steps=456 recall=0.67 check='OK' manifest=b3:ed5369c677e6…
[harness] doc 153/600 steps=459 recall=0.33 check='OK' manifest=b3:ed5369c677e6…
[harness] doc 154/600 steps=462 recall=0.33 check='OK' manifest=b3:ed5369c677e6…
[supervisor] gate toy-holdout: {'extract.recall': 0.8888888888888888, 'n': 12} passed=False
{"patch_id": "b3:e4b07fbd634f1e3a1500b5144dabe84c0cd3b49aa4edc1c973d828e6c509bb60", "applied": false, "gate_result": {"suite": "toy-holdout", "suite_hash": "b3:12e077a5b6a29fc92b70f0cc1f11a5ef80e254961a1b9d413cb05a7a65eeba73", "metrics": {"extract.recall": 0.8888888888888888, "n": 12}, "thresholds": {"extract.recall": {"op": ">=", "value": 0.9}}, "passed": false, "evidence": ["b3:3f5706059e9dcb48e66f2d8a07fc34bdb977c6038935bdbe84a6d69c8d6b8602"]}}
[harness] doc 155/600 steps=465 recall=0.33 check='OK' manifest=b3:ed5369c677e6…
[harness] doc 156/600 steps=468 recall=0.33 check='OK' manifest=b3:ed5369c677e6…
[harness] doc 157/600 steps=471 recall=0.67 check='OK' manifest=b3:ed5369c677e6…
[harness] doc 158/600 steps=474 recall=0.33 check='OK' manifest=b3:ed5369c677e6…
[harness] doc 159/600 steps=477 recall=0.33 check='OK' manifest=b3:ed5369c677e6…
[harness] doc 160/600 steps=480 recall=0.33 check='OK' manifest=b3:ed5369c677e6…
[harness] doc 161/600 steps=483 recall=0.67 check='OK' manifest=b3:ed5369c677e6…
[harness] doc 162/600 steps=486 recall=0.33 check='OK' manifest=b3:ed5369c677e6…
[harness] doc 163/600 steps=489 recall=0.67 check='OK' manifest=b3:ed5369c677e6…
[harness] doc 164/600 steps=492 recall=0.33 check='OK' manifest=b3:ed5369c677e6…
[harness] doc 165/600 steps=495 recall=0.33 check='OK' manifest=b3:ed5369c677e6…
[harness] doc 166/600 steps=498 recall=0.67 check='OK' manifest=b3:ed5369c677e6…
[harness] doc 167/600 steps=501 recall=0.67 check='OK' manifest=b3:ed5369c677e6…
[harness] doc 168/600 steps=504 recall=0.67 check='OK' manifest=b3:ed5369c677e6…
[harness] doc 169/600 steps=507 recall=0.33 check='OK' manifest=b3:ed5369c677e6…
[harness] doc 170/600 steps=510 recall=0.67 check='OK' manifest=b3:ed5369c677e6…
[harness] doc 171/600 steps=513 recall=0.33 check='OK' manifest=b3:ed5369c677e6…
[harness] doc 172/600 steps=516 recall=0.33 check='OK' manifest=b3:ed5369c677e6…
[harness] doc 173/600 steps=519 recall=0.33 check='OK' manifest=b3:ed5369c677e6…
[harness] doc 174/600 steps=522 recall=0.33 check='OK' manifest=b3:ed5369c677e6…
[harness] doc 175/600 steps=525 recall=0.33 check='OK' manifest=b3:ed5369c677e6…
[harness] doc 176/600 steps=528 recall=0.67 check='OK' manifest=b3:ed5369c677e6…
[harness] doc 177/600 steps=531 recall=0.67 check='OK' manifest=b3:ed5369c677e6…
[harness] doc 178/600 steps=534 recall=0.33 check='OK' manifest=b3:ed5369c677e6…
[harness] doc 179/600 steps=537 recall=0.00 check='OK' manifest=b3:ed5369c677e6…
[harness] doc 180/600 steps=540 recall=0.33 check='OK' manifest=b3:ed5369c677e6…
[harness] doc 181/600 steps=543 recall=0.33 check='OK' manifest=b3:ed5369c677e6…
[harness] doc 182/600 steps=546 recall=0.67 check='OK' manifest=b3:ed5369c677e6…
[harness] doc 183/600 steps=549 recall=0.00 check='OK' manifest=b3:ed5369c677e6…
[harness] doc 184/600 steps=552 recall=0.33 check='OK' manifest=b3:ed5369c677e6…
[harness] doc 185/600 steps=555 recall=0.33 check='OK' manifest=b3:ed5369c677e6…
[harness] doc 186/600 steps=558 recall=0.33 check='OK' manifest=b3:ed5369c677e6…
[harness] doc 187/600 steps=561 recall=0.33 check='OK' manifest=b3:ed5369c677e6…
[harness] doc 188/600 steps=564 recall=0.67 check='OK' manifest=b3:ed5369c677e6…
[harness] doc 189/600 steps=567 recall=0.67 check='OK' manifest=b3:ed5369c677e6…
[harness] doc 190/600 steps=570 recall=0.33 check='OK' manifest=b3:ed5369c677e6…
[harness] doc 191/600 steps=573 recall=0.33 check='OK' manifest=b3:ed5369c677e6…
[harness] doc 192/600 steps=576 recall=0.67 check='OK' manifest=b3:ed5369c677e6…
[harness] doc 193/600 steps=579 recall=0.33 check='OK' manifest=b3:ed5369c677e6…
[harness] doc 194/600 steps=582 recall=0.67 check='OK' manifest=b3:ed5369c677e6…
[harness] doc 195/600 steps=585 recall=0.67 check='OK' manifest=b3:ed5369c677e6…
[harness] doc 196/600 steps=588 recall=0.33 check='OK' manifest=b3:ed5369c677e6…
[harness] doc 197/600 steps=591 recall=0.67 check='OK' manifest=b3:ed5369c677e6…
[harness] doc 198/600 steps=594 recall=0.33 check='OK' manifest=b3:ed5369c677e6…
[harness] doc 199/600 steps=597 recall=0.00 check='OK' manifest=b3:ed5369c677e6…
[harness] doc 200/600 steps=600 recall=0.33 check='OK' manifest=b3:ed5369c677e6…
[harness] doc 201/600 steps=603 recall=0.33 check='OK' manifest=b3:ed5369c677e6…
[harness] doc 202/600 steps=606 recall=0.67 check='OK' manifest=b3:ed5369c677e6…
[harness] doc 203/600 steps=609 recall=0.33 check='OK' manifest=b3:ed5369c677e6…
[harness] doc 204/600 steps=612 recall=0.33 check='OK' manifest=b3:ed5369c677e6…
[harness] doc 205/600 steps=615 recall=0.00 check='OK' manifest=b3:ed5369c677e6…
[harness] doc 206/600 steps=618 recall=0.67 check='OK' manifest=b3:ed5369c677e6…
[harness] doc 207/600 steps=621 recall=0.67 check='OK' manifest=b3:ed5369c677e6…
[harness] doc 208/600 steps=624 recall=0.33 check='OK' manifest=b3:ed5369c677e6…
[harness] doc 209/600 steps=627 recall=0.33 check='OK' manifest=b3:ed5369c677e6…
[harness] doc 210/600 steps=630 recall=0.33 check='OK' manifest=b3:ed5369c677e6…
[harness] doc 211/600 steps=633 recall=0.33 check='OK' manifest=b3:ed5369c677e6…
[harness] doc 212/600 steps=636 recall=0.33 check='OK' manifest=b3:ed5369c677e6…
[harness] doc 213/600 steps=639 recall=0.67 check='OK' manifest=b3:ed5369c677e6…
[harness] doc 214/600 steps=642 recall=0.33 check='OK' manifest=b3:ed5369c677e6…
[harness] doc 215/600 steps=645 recall=0.67 check='OK' manifest=b3:ed5369c677e6…
[harness] doc 216/600 steps=648 recall=0.67 check='OK' manifest=b3:ed5369c677e6…
[harness] doc 217/600 steps=651 recall=0.33 check='OK' manifest=b3:ed5369c677e6…
[harness] doc 218/600 steps=654 recall=0.33 check='OK' manifest=b3:ed5369c677e6…
[harness] doc 219/600 steps=657 recall=0.67 check='OK' manifest=b3:ed5369c677e6…
[harness] doc 220/600 steps=660 recall=0.67 check='OK' manifest=b3:ed5369c677e6…
[harness] doc 221/600 steps=663 recall=0.33 check='OK' manifest=b3:ed5369c677e6…
[harness] doc 222/600 steps=666 recall=0.33 check='OK' manifest=b3:ed5369c677e6…
[harness] doc 223/600 steps=669 recall=0.67 check='OK' manifest=b3:ed5369c677e6…
[harness] doc 224/600 steps=672 recall=0.67 check='OK' manifest=b3:ed5369c677e6…
[harness] doc 225/600 steps=675 recall=0.33 check='OK' manifest=b3:ed5369c677e6…
[harness] doc 226/600 steps=678 recall=0.33 check='OK' manifest=b3:ed5369c677e6…
[harness] doc 227/600 steps=681 recall=0.33 check='OK' manifest=b3:ed5369c677e6…
[harness] doc 228/600 steps=684 recall=0.00 check='OK' manifest=b3:ed5369c677e6…
[harness] doc 229/600 steps=687 recall=0.00 check='OK' manifest=b3:ed5369c677e6…
[harness] doc 230/600 steps=690 recall=0.33 check='OK' manifest=b3:ed5369c677e6…
[harness] doc 231/600 steps=693 recall=0.67 check='OK' manifest=b3:ed5369c677e6…
[harness] doc 232/600 steps=696 recall=0.33 check='OK' manifest=b3:ed5369c677e6…
[harness] doc 233/600 steps=699 recall=0.33 check='OK' manifest=b3:ed5369c677e6…
[harness] doc 234/600 steps=702 recall=0.33 check='OK' manifest=b3:ed5369c677e6…
[harness] doc 235/600 steps=705 recall=0.00 check='OK' manifest=b3:ed5369c677e6…
[harness] doc 236/600 steps=708 recall=0.33 check='OK' manifest=b3:ed5369c677e6…
[harness] doc 237/600 steps=711 recall=0.33 check='OK' manifest=b3:ed5369c677e6…
[harness] doc 238/600 steps=714 recall=0.33 check='OK' manifest=b3:ed5369c677e6…
[harness] doc 239/600 steps=717 recall=0.00 check='OK' manifest=b3:ed5369c677e6…
[harness] doc 240/600 steps=720 recall=0.33 check='OK' manifest=b3:ed5369c677e6…
[harness] doc 241/600 steps=723 recall=0.33 check='OK' manifest=b3:ed5369c677e6…
[harness] doc 242/600 steps=726 recall=0.00 check='OK' manifest=b3:ed5369c677e6…
[harness] doc 243/600 steps=729 recall=0.67 check='OK' manifest=b3:ed5369c677e6…
[harness] doc 244/600 steps=732 recall=0.67 check='OK' manifest=b3:ed5369c677e6…
[harness] doc 245/600 steps=735 recall=0.67 check='OK' manifest=b3:ed5369c677e6…
[harness] doc 246/600 steps=738 recall=0.67 check='OK' manifest=b3:ed5369c677e6…
[harness] doc 247/600 steps=741 recall=0.33 check='OK' manifest=b3:ed5369c677e6…
[harness] doc 248/600 steps=744 recall=0.33 check='OK' manifest=b3:ed5369c677e6…
[harness] doc 249/600 steps=747 recall=0.67 check='OK' manifest=b3:ed5369c677e6…
[harness] doc 250/600 steps=750 recall=0.33 check='OK' manifest=b3:ed5369c677e6…
[harness] doc 251/600 steps=753 recall=0.33 check='OK' manifest=b3:ed5369c677e6…
[harness] doc 252/600 steps=756 recall=0.00 check='OK' manifest=b3:ed5369c677e6…
[harness] doc 253/600 steps=759 recall=0.33 check='OK' manifest=b3:ed5369c677e6…
[harness] doc 254/600 steps=762 recall=0.67 check='OK' manifest=b3:ed5369c677e6…
[harness] doc 255/600 steps=765 recall=0.33 check='OK' manifest=b3:ed5369c677e6…
[harness] doc 256/600 steps=768 recall=0.00 check='OK' manifest=b3:ed5369c677e6…
[harness] doc 257/600 steps=771 recall=0.67 check='OK' manifest=b3:ed5369c677e6…
[harness] doc 258/600 steps=774 recall=0.33 check='OK' manifest=b3:ed5369c677e6…
[harness] doc 259/600 steps=777 recall=0.33 check='OK' manifest=b3:ed5369c677e6…
[harness] doc 260/600 steps=780 recall=0.67 check='OK' manifest=b3:ed5369c677e6…
[harness] doc 261/600 steps=783 recall=0.67 check='OK' manifest=b3:ed5369c677e6…
[harness] doc 262/600 steps=786 recall=0.33 check='OK' manifest=b3:ed5369c677e6…
[harness] doc 263/600 steps=789 recall=0.67 check='OK' manifest=b3:ed5369c677e6…
[harness] doc 264/600 steps=792 recall=0.33 check='OK' manifest=b3:ed5369c677e6…
[harness] doc 265/600 steps=795 recall=0.33 check='OK' manifest=b3:ed5369c677e6…
[harness] doc 266/600 steps=798 recall=0.33 check='OK' manifest=b3:ed5369c677e6…
[harness] doc 267/600 steps=801 recall=0.67 check='OK' manifest=b3:ed5369c677e6…
[harness] doc 268/600 steps=804 recall=0.67 check='OK' manifest=b3:ed5369c677e6…
[harness] doc 269/600 steps=807 recall=0.67 check='OK' manifest=b3:ed5369c677e6…
[harness] doc 270/600 steps=810 recall=0.67 check='OK' manifest=b3:ed5369c677e6…
[harness] doc 271/600 steps=813 recall=0.67 check='OK' manifest=b3:ed5369c677e6…
[harness] doc 272/600 steps=816 recall=0.00 check='OK' manifest=b3:ed5369c677e6…
[harness] doc 273/600 steps=819 recall=0.33 check='OK' manifest=b3:ed5369c677e6…
[harness] doc 274/600 steps=822 recall=0.33 check='OK' manifest=b3:ed5369c677e6…
[harness] doc 275/600 steps=825 recall=0.33 check='OK' manifest=b3:ed5369c677e6…
[harness] doc 276/600 steps=828 recall=0.67 check='OK' manifest=b3:ed5369c677e6…
[harness] doc 277/600 steps=831 recall=0.33 check='OK' manifest=b3:ed5369c677e6…
[harness] doc 278/600 steps=834 recall=0.00 check='OK' manifest=b3:ed5369c677e6…
[harness] doc 279/600 steps=837 recall=0.33 check='OK' manifest=b3:ed5369c677e6…
[harness] doc 280/600 steps=840 recall=0.67 check='OK' manifest=b3:ed5369c677e6…
[harness] doc 281/600 steps=843 recall=0.33 check='OK' manifest=b3:ed5369c677e6…
[harness] doc 282/600 steps=846 recall=0.67 check='OK' manifest=b3:ed5369c677e6…
[harness] doc 283/600 steps=849 recall=0.67 check='OK' manifest=b3:ed5369c677e6…
[harness] doc 284/600 steps=852 recall=0.67 check='OK' manifest=b3:ed5369c677e6…
[harness] doc 285/600 steps=855 recall=0.33 check='OK' manifest=b3:ed5369c677e6…
[harness] doc 286/600 steps=858 recall=0.67 check='OK' manifest=b3:ed5369c677e6…
[harness] doc 287/600 steps=861 recall=0.67 check='OK' manifest=b3:ed5369c677e6…
[harness] doc 288/600 steps=864 recall=0.33 check='OK' manifest=b3:ed5369c677e6…
[harness] doc 289/600 steps=867 recall=0.00 check='OK' manifest=b3:ed5369c677e6…
[harness] doc 290/600 steps=870 recall=0.67 check='OK' manifest=b3:ed5369c677e6…
[harness] doc 291/600 steps=873 recall=0.33 check='OK' manifest=b3:ed5369c677e6…
[harness] doc 292/600 steps=876 recall=0.33 check='OK' manifest=b3:ed5369c677e6…
[harness] doc 293/600 steps=879 recall=0.33 check='OK' manifest=b3:ed5369c677e6…
[harness] doc 294/600 steps=882 recall=0.33 check='OK' manifest=b3:ed5369c677e6…
[harness] doc 295/600 steps=885 recall=0.33 check='OK' manifest=b3:ed5369c677e6…
[harness] doc 296/600 steps=888 recall=0.33 check='OK' manifest=b3:ed5369c677e6…
[harness] doc 297/600 steps=891 recall=0.33 check='OK' manifest=b3:ed5369c677e6…
[harness] doc 298/600 steps=894 recall=0.33 check='OK' manifest=b3:ed5369c677e6…
[harness] doc 299/600 steps=897 recall=0.33 check='OK' manifest=b3:ed5369c677e6…
[harness] doc 300/600 steps=900 recall=0.67 check='OK' manifest=b3:ed5369c677e6…
[harness] doc 301/600 steps=903 recall=0.67 check='OK' manifest=b3:ed5369c677e6…
[harness] doc 302/600 steps=906 recall=0.67 check='OK' manifest=b3:ed5369c677e6…
[harness] doc 303/600 steps=909 recall=0.67 check='OK' manifest=b3:ed5369c677e6…
[harness] doc 304/600 steps=912 recall=0.33 check='OK' manifest=b3:ed5369c677e6…
[harness] doc 305/600 steps=915 recall=0.00 check='OK' manifest=b3:ed5369c677e6…
[harness] doc 306/600 steps=918 recall=0.67 check='OK' manifest=b3:ed5369c677e6…
[harness] doc 307/600 steps=921 recall=0.33 check='OK' manifest=b3:ed5369c677e6…
[harness] doc 308/600 steps=924 recall=0.33 check='OK' manifest=b3:ed5369c677e6…
[harness] doc 309/600 steps=927 recall=0.33 check='OK' manifest=b3:ed5369c677e6…
[harness] doc 310/600 steps=930 recall=0.33 check='OK' manifest=b3:ed5369c677e6…
[harness] doc 311/600 steps=933 recall=0.33 check='OK' manifest=b3:ed5369c677e6…
[harness] doc 312/600 steps=936 recall=0.67 check='OK' manifest=b3:ed5369c677e6…
[harness] doc 313/600 steps=939 recall=0.33 check='OK' manifest=b3:ed5369c677e6…
[harness] doc 314/600 steps=942 recall=0.33 check='OK' manifest=b3:ed5369c677e6…
[harness] doc 315/600 steps=945 recall=0.67 check='OK' manifest=b3:ed5369c677e6…
[harness] doc 316/600 steps=948 recall=0.33 check='OK' manifest=b3:ed5369c677e6…
[harness] doc 317/600 steps=951 recall=0.67 check='OK' manifest=b3:ed5369c677e6…
[harness] doc 318/600 steps=954 recall=0.33 check='OK' manifest=b3:ed5369c677e6…
[harness] doc 319/600 steps=957 recall=0.67 check='OK' manifest=b3:ed5369c677e6…
[harness] doc 320/600 steps=960 recall=0.33 check='OK' manifest=b3:ed5369c677e6…
[harness] doc 321/600 steps=963 recall=0.00 check='OK' manifest=b3:ed5369c677e6…
[harness] doc 322/600 steps=966 recall=0.33 check='OK' manifest=b3:ed5369c677e6…
[harness] doc 323/600 steps=969 recall=0.67 check='OK' manifest=b3:ed5369c677e6…
[harness] doc 324/600 steps=972 recall=0.67 check='OK' manifest=b3:ed5369c677e6…
[harness] doc 325/600 steps=975 recall=0.67 check='OK' manifest=b3:ed5369c677e6…
[harness] doc 326/600 steps=978 recall=0.33 check='OK' manifest=b3:ed5369c677e6…
[harness] doc 327/600 steps=981 recall=0.33 check='OK' manifest=b3:ed5369c677e6…
[harness] doc 328/600 steps=984 recall=0.33 check='OK' manifest=b3:ed5369c677e6…
[harness] doc 329/600 steps=987 recall=0.33 check='OK' manifest=b3:ed5369c677e6…
[harness] doc 330/600 steps=990 recall=0.33 check='OK' manifest=b3:ed5369c677e6…
[harness] doc 331/600 steps=993 recall=0.67 check='OK' manifest=b3:ed5369c677e6…
[harness] doc 332/600 steps=996 recall=0.67 check='OK' manifest=b3:ed5369c677e6…
[harness] doc 333/600 steps=999 recall=0.33 check='OK' manifest=b3:ed5369c677e6…
[harness] doc 334/600 steps=1002 recall=0.33 check='OK' manifest=b3:ed5369c677e6…
[harness] doc 335/600 steps=1005 recall=0.67 check='OK' manifest=b3:ed5369c677e6…
[harness] doc 336/600 steps=1008 recall=0.33 check='OK' manifest=b3:ed5369c677e6…
[harness] doc 337/600 steps=1011 recall=0.33 check='OK' manifest=b3:ed5369c677e6…
[harness] doc 338/600 steps=1014 recall=0.33 check='OK' manifest=b3:ed5369c677e6…
[harness] doc 339/600 steps=1017 recall=0.33 check='OK' manifest=b3:ed5369c677e6…
[harness] doc 340/600 steps=1020 recall=0.33 check='OK' manifest=b3:ed5369c677e6…
[harness] doc 341/600 steps=1023 recall=0.33 check='OK' manifest=b3:ed5369c677e6…
[harness] doc 342/600 steps=1026 recall=0.67 check='OK' manifest=b3:ed5369c677e6…
[harness] doc 343/600 steps=1029 recall=0.67 check='OK' manifest=b3:ed5369c677e6…
[harness] doc 344/600 steps=1032 recall=0.67 check='OK' manifest=b3:ed5369c677e6…
[harness] doc 345/600 steps=1035 recall=0.33 check='OK' manifest=b3:ed5369c677e6…
[harness] doc 346/600 steps=1038 recall=0.67 check='OK' manifest=b3:ed5369c677e6…
[harness] doc 347/600 steps=1041 recall=0.33 check='OK' manifest=b3:ed5369c677e6…
[harness] doc 348/600 steps=1044 recall=0.33 check='OK' manifest=b3:ed5369c677e6…
[harness] doc 349/600 steps=1047 recall=0.33 check='OK' manifest=b3:ed5369c677e6…
[harness] doc 350/600 steps=1050 recall=0.33 check='OK' manifest=b3:ed5369c677e6…
[harness] doc 351/600 steps=1053 recall=0.33 check='OK' manifest=b3:ed5369c677e6…
[harness] doc 352/600 steps=1056 recall=0.33 check='OK' manifest=b3:ed5369c677e6…
[harness] doc 353/600 steps=1059 recall=0.67 check='OK' manifest=b3:ed5369c677e6…
[harness] doc 354/600 steps=1062 recall=0.67 check='OK' manifest=b3:ed5369c677e6…
[harness] doc 355/600 steps=1065 recall=0.33 check='OK' manifest=b3:ed5369c677e6…
[harness] doc 356/600 steps=1068 recall=0.33 check='OK' manifest=b3:ed5369c677e6…
[harness] doc 357/600 steps=1071 recall=0.33 check='OK' manifest=b3:ed5369c677e6…
[harness] doc 358/600 steps=1074 recall=0.33 check='OK' manifest=b3:ed5369c677e6…
[harness] doc 359/600 steps=1077 recall=0.67 check='OK' manifest=b3:ed5369c677e6…
[harness] doc 360/600 steps=1080 recall=0.67 check='OK' manifest=b3:ed5369c677e6…
[harness] doc 361/600 steps=1083 recall=0.67 check='OK' manifest=b3:ed5369c677e6…
[harness] doc 362/600 steps=1086 recall=0.33 check='OK' manifest=b3:ed5369c677e6…
[harness] doc 363/600 steps=1089 recall=0.33 check='OK' manifest=b3:ed5369c677e6…
[harness] doc 364/600 steps=1092 recall=0.33 check='OK' manifest=b3:ed5369c677e6…
[harness] doc 365/600 steps=1095 recall=0.67 check='OK' manifest=b3:ed5369c677e6…
[harness] doc 366/600 steps=1098 recall=0.33 check='OK' manifest=b3:ed5369c677e6…
[harness] doc 367/600 steps=1101 recall=0.33 check='OK' manifest=b3:ed5369c677e6…
[harness] doc 368/600 steps=1104 recall=0.67 check='OK' manifest=b3:ed5369c677e6…
[harness] doc 369/600 steps=1107 recall=0.67 check='OK' manifest=b3:ed5369c677e6…
[harness] doc 370/600 steps=1110 recall=0.67 check='OK' manifest=b3:ed5369c677e6…
[harness] doc 371/600 steps=1113 recall=0.67 check='OK' manifest=b3:ed5369c677e6…
[harness] doc 372/600 steps=1116 recall=0.67 check='OK' manifest=b3:ed5369c677e6…
[harness] doc 373/600 steps=1119 recall=0.33 check='OK' manifest=b3:ed5369c677e6…
[harness] doc 374/600 steps=1122 recall=0.33 check='OK' manifest=b3:ed5369c677e6…
[harness] doc 375/600 steps=1125 recall=0.33 check='OK' manifest=b3:ed5369c677e6…
[harness] doc 376/600 steps=1128 recall=0.33 check='OK' manifest=b3:ed5369c677e6…
[harness] doc 377/600 steps=1131 recall=0.67 check='OK' manifest=b3:ed5369c677e6…
[harness] doc 378/600 steps=1134 recall=0.67 check='OK' manifest=b3:ed5369c677e6…
[harness] doc 379/600 steps=1137 recall=0.33 check='OK' manifest=b3:ed5369c677e6…
[harness] doc 380/600 steps=1140 recall=0.33 check='OK' manifest=b3:ed5369c677e6…
[harness] doc 381/600 steps=1143 recall=0.33 check='OK' manifest=b3:ed5369c677e6…
[harness] doc 382/600 steps=1146 recall=0.33 check='OK' manifest=b3:ed5369c677e6…
[harness] doc 383/600 steps=1149 recall=0.33 check='OK' manifest=b3:ed5369c677e6…
[harness] doc 384/600 steps=1152 recall=0.67 check='OK' manifest=b3:ed5369c677e6…
[harness] doc 385/600 steps=1155 recall=0.33 check='OK' manifest=b3:ed5369c677e6…
[harness] doc 386/600 steps=1158 recall=0.33 check='OK' manifest=b3:ed5369c677e6…
[harness] doc 387/600 steps=1161 recall=0.67 check='OK' manifest=b3:ed5369c677e6…
[harness] doc 388/600 steps=1164 recall=0.33 check='OK' manifest=b3:ed5369c677e6…
[harness] doc 389/600 steps=1167 recall=0.00 check='OK' manifest=b3:ed5369c677e6…
[harness] doc 390/600 steps=1170 recall=0.33 check='OK' manifest=b3:ed5369c677e6…
[harness] doc 391/600 steps=1173 recall=0.33 check='OK' manifest=b3:ed5369c677e6…
[harness] doc 392/600 steps=1176 recall=0.33 check='OK' manifest=b3:ed5369c677e6…
[harness] doc 393/600 steps=1179 recall=0.67 check='OK' manifest=b3:ed5369c677e6…
[harness] doc 394/600 steps=1182 recall=0.67 check='OK' manifest=b3:ed5369c677e6…
[harness] doc 395/600 steps=1185 recall=0.67 check='OK' manifest=b3:ed5369c677e6…
[harness] doc 396/600 steps=1188 recall=0.67 check='OK' manifest=b3:ed5369c677e6…
[harness] doc 397/600 steps=1191 recall=0.33 check='OK' manifest=b3:ed5369c677e6…
[harness] doc 398/600 steps=1194 recall=0.33 check='OK' manifest=b3:ed5369c677e6…
[harness] doc 399/600 steps=1197 recall=0.33 check='OK' manifest=b3:ed5369c677e6…
[harness] doc 400/600 steps=1200 recall=0.33 check='OK' manifest=b3:ed5369c677e6…
[harness] doc 401/600 steps=1203 recall=0.67 check='OK' manifest=b3:ed5369c677e6…
[harness] doc 402/600 steps=1206 recall=0.67 check='OK' manifest=b3:ed5369c677e6…
[harness] doc 403/600 steps=1209 recall=0.33 check='OK' manifest=b3:ed5369c677e6…
[harness] doc 404/600 steps=1212 recall=0.67 check='OK' manifest=b3:ed5369c677e6…
[harness] doc 405/600 steps=1215 recall=0.33 check='OK' manifest=b3:ed5369c677e6…
[harness] doc 406/600 steps=1218 recall=0.67 check='OK' manifest=b3:ed5369c677e6…
[harness] doc 407/600 steps=1221 recall=0.33 check='OK' manifest=b3:ed5369c677e6…
[harness] doc 408/600 steps=1224 recall=0.33 check='OK' manifest=b3:ed5369c677e6…
[harness] doc 409/600 steps=1227 recall=0.33 check='OK' manifest=b3:ed5369c677e6…
[harness] doc 410/600 steps=1230 recall=0.33 check='OK' manifest=b3:ed5369c677e6…
[harness] doc 411/600 steps=1233 recall=0.67 check='OK' manifest=b3:ed5369c677e6…
[harness] doc 412/600 steps=1236 recall=0.33 check='OK' manifest=b3:ed5369c677e6…
[harness] doc 413/600 steps=1239 recall=0.33 check='OK' manifest=b3:ed5369c677e6…
[harness] doc 414/600 steps=1242 recall=0.33 check='OK' manifest=b3:ed5369c677e6…
[harness] doc 415/600 steps=1245 recall=0.33 check='OK' manifest=b3:ed5369c677e6…
[harness] doc 416/600 steps=1248 recall=0.33 check='OK' manifest=b3:ed5369c677e6…
[harness] doc 417/600 steps=1251 recall=0.33 check='OK' manifest=b3:ed5369c677e6…
[harness] doc 418/600 steps=1254 recall=0.33 check='OK' manifest=b3:ed5369c677e6…
[harness] doc 419/600 steps=1257 recall=0.33 check='OK' manifest=b3:ed5369c677e6…
[harness] doc 420/600 steps=1260 recall=0.00 check='OK' manifest=b3:ed5369c677e6…
[harness] doc 421/600 steps=1263 recall=0.67 check='OK' manifest=b3:ed5369c677e6…
[harness] doc 422/600 steps=1266 recall=0.33 check='OK' manifest=b3:ed5369c677e6…
[harness] doc 423/600 steps=1269 recall=0.33 check='OK' manifest=b3:ed5369c677e6…
[harness] doc 424/600 steps=1272 recall=0.67 check='OK' manifest=b3:ed5369c677e6…
[harness] doc 425/600 steps=1275 recall=0.33 check='OK' manifest=b3:ed5369c677e6…
[harness] doc 426/600 steps=1278 recall=0.33 check='OK' manifest=b3:ed5369c677e6…
[harness] doc 427/600 steps=1281 recall=0.00 check='OK' manifest=b3:ed5369c677e6…
[harness] doc 428/600 steps=1284 recall=0.00 check='OK' manifest=b3:ed5369c677e6…
[harness] doc 429/600 steps=1287 recall=0.33 check='OK' manifest=b3:ed5369c677e6…
[harness] doc 430/600 steps=1290 recall=0.67 check='OK' manifest=b3:ed5369c677e6…
[harness] doc 431/600 steps=1293 recall=0.33 check='OK' manifest=b3:ed5369c677e6…
[harness] doc 432/600 steps=1296 recall=0.33 check='OK' manifest=b3:ed5369c677e6…
[harness] doc 433/600 steps=1299 recall=0.33 check='OK' manifest=b3:ed5369c677e6…
[harness] doc 434/600 steps=1302 recall=0.00 check='OK' manifest=b3:ed5369c677e6…
[harness] doc 435/600 steps=1305 recall=0.33 check='OK' manifest=b3:ed5369c677e6…
[harness] doc 436/600 steps=1308 recall=0.00 check='OK' manifest=b3:ed5369c677e6…
[harness] doc 437/600 steps=1311 recall=0.00 check='OK' manifest=b3:ed5369c677e6…
[harness] doc 438/600 steps=1314 recall=0.33 check='OK' manifest=b3:ed5369c677e6…
[harness] doc 439/600 steps=1317 recall=0.33 check='OK' manifest=b3:ed5369c677e6…
[harness] doc 440/600 steps=1320 recall=0.33 check='OK' manifest=b3:ed5369c677e6…
[harness] doc 441/600 steps=1323 recall=0.33 check='OK' manifest=b3:ed5369c677e6…
[harness] doc 442/600 steps=1326 recall=0.33 check='OK' manifest=b3:ed5369c677e6…
[harness] doc 443/600 steps=1329 recall=0.67 check='OK' manifest=b3:ed5369c677e6…
[harness] doc 444/600 steps=1332 recall=0.33 check='OK' manifest=b3:ed5369c677e6…
[harness] doc 445/600 steps=1335 recall=0.33 check='OK' manifest=b3:ed5369c677e6…
[harness] doc 446/600 steps=1338 recall=0.33 check='OK' manifest=b3:ed5369c677e6…
[harness] doc 447/600 steps=1341 recall=0.33 check='OK' manifest=b3:ed5369c677e6…
[harness] doc 448/600 steps=1344 recall=0.33 check='OK' manifest=b3:ed5369c677e6…
[harness] doc 449/600 steps=1347 recall=0.67 check='OK' manifest=b3:ed5369c677e6…
[harness] doc 450/600 steps=1350 recall=0.67 check='OK' manifest=b3:ed5369c677e6…
[harness] doc 451/600 steps=1353 recall=0.33 check='OK' manifest=b3:ed5369c677e6…
[harness] doc 452/600 steps=1356 recall=0.33 check='OK' manifest=b3:ed5369c677e6…
[harness] doc 453/600 steps=1359 recall=0.00 check='OK' manifest=b3:ed5369c677e6…
[harness] doc 454/600 steps=1362 recall=0.33 check='OK' manifest=b3:ed5369c677e6…
[harness] doc 455/600 steps=1365 recall=0.33 check='OK' manifest=b3:ed5369c677e6…
[harness] doc 456/600 steps=1368 recall=0.67 check='OK' manifest=b3:ed5369c677e6…
[harness] doc 457/600 steps=1371 recall=0.67 check='OK' manifest=b3:ed5369c677e6…
[harness] doc 458/600 steps=1374 recall=0.00 check='OK' manifest=b3:ed5369c677e6…
[harness] doc 459/600 steps=1377 recall=0.33 check='OK' manifest=b3:ed5369c677e6…
[harness] doc 460/600 steps=1380 recall=0.33 check='OK' manifest=b3:ed5369c677e6…
[harness] doc 461/600 steps=1383 recall=0.33 check='OK' manifest=b3:ed5369c677e6…
[harness] doc 462/600 steps=1386 recall=0.33 check='OK' manifest=b3:ed5369c677e6…
[harness] doc 463/600 steps=1389 recall=0.67 check='OK' manifest=b3:ed5369c677e6…
[harness] doc 464/600 steps=1392 recall=0.33 check='OK' manifest=b3:ed5369c677e6…
[harness] doc 465/600 steps=1395 recall=0.33 check='OK' manifest=b3:ed5369c677e6…
[harness] doc 466/600 steps=1398 recall=0.33 check='OK' manifest=b3:ed5369c677e6…
[harness] doc 467/600 steps=1401 recall=0.33 check='OK' manifest=b3:ed5369c677e6…
[harness] doc 468/600 steps=1404 recall=0.33 check='OK' manifest=b3:ed5369c677e6…
[harness] doc 469/600 steps=1407 recall=0.33 check='OK' manifest=b3:ed5369c677e6…
[harness] doc 470/600 steps=1410 recall=0.33 check='OK' manifest=b3:ed5369c677e6…
[harness] doc 471/600 steps=1413 recall=0.67 check='OK' manifest=b3:ed5369c677e6…
[harness] doc 472/600 steps=1416 recall=0.33 check='OK' manifest=b3:ed5369c677e6…
[harness] doc 473/600 steps=1419 recall=0.67 check='OK' manifest=b3:ed5369c677e6…
[harness] doc 474/600 steps=1422 recall=0.33 check='OK' manifest=b3:ed5369c677e6…
[harness] doc 475/600 steps=1425 recall=0.33 check='OK' manifest=b3:ed5369c677e6…
[harness] doc 476/600 steps=1428 recall=0.33 check='OK' manifest=b3:ed5369c677e6…
[harness] doc 477/600 steps=1431 recall=0.67 check='OK' manifest=b3:ed5369c677e6…
[harness] doc 478/600 steps=1434 recall=0.67 check='OK' manifest=b3:ed5369c677e6…
[harness] doc 479/600 steps=1437 recall=0.67 check='OK' manifest=b3:ed5369c677e6…
[harness] doc 480/600 steps=1440 recall=0.33 check='OK' manifest=b3:ed5369c677e6…
[harness] doc 481/600 steps=1443 recall=0.67 check='OK' manifest=b3:ed5369c677e6…
[harness] doc 482/600 steps=1446 recall=0.33 check='OK' manifest=b3:ed5369c677e6…
[harness] doc 483/600 steps=1449 recall=0.33 check='OK' manifest=b3:ed5369c677e6…
[harness] doc 484/600 steps=1452 recall=0.67 check='OK' manifest=b3:ed5369c677e6…
[harness] doc 485/600 steps=1455 recall=0.33 check='OK' manifest=b3:ed5369c677e6…
[harness] doc 486/600 steps=1458 recall=0.33 check='OK' manifest=b3:ed5369c677e6…
[harness] doc 487/600 steps=1461 recall=0.67 check='OK' manifest=b3:ed5369c677e6…
[harness] doc 488/600 steps=1464 recall=0.67 check='OK' manifest=b3:ed5369c677e6…
[harness] doc 489/600 steps=1467 recall=0.67 check='OK' manifest=b3:ed5369c677e6…
[harness] doc 490/600 steps=1470 recall=0.33 check='OK' manifest=b3:ed5369c677e6…
[harness] doc 491/600 steps=1473 recall=0.33 check='OK' manifest=b3:ed5369c677e6…
[harness] doc 492/600 steps=1476 recall=0.67 check='OK' manifest=b3:ed5369c677e6…
[harness] doc 493/600 steps=1479 recall=0.33 check='OK' manifest=b3:ed5369c677e6…
[harness] doc 494/600 steps=1482 recall=0.67 check='OK' manifest=b3:ed5369c677e6…
[harness] doc 495/600 steps=1485 recall=0.67 check='OK' manifest=b3:ed5369c677e6…
[harness] doc 496/600 steps=1488 recall=0.33 check='OK' manifest=b3:ed5369c677e6…
[harness] doc 497/600 steps=1491 recall=0.33 check='OK' manifest=b3:ed5369c677e6…
[harness] doc 498/600 steps=1494 recall=0.67 check='OK' manifest=b3:ed5369c677e6…
[harness] doc 499/600 steps=1497 recall=0.67 check='OK' manifest=b3:ed5369c677e6…
[harness] doc 500/600 steps=1500 recall=0.33 check='OK' manifest=b3:ed5369c677e6…
[harness] doc 501/600 steps=1503 recall=0.67 check='OK' manifest=b3:ed5369c677e6…
[harness] doc 502/600 steps=1506 recall=0.67 check='OK' manifest=b3:ed5369c677e6…
[harness] doc 503/600 steps=1509 recall=0.00 check='OK' manifest=b3:ed5369c677e6…
[harness] doc 504/600 steps=1512 recall=0.00 check='OK' manifest=b3:ed5369c677e6…
[harness] doc 505/600 steps=1515 recall=0.33 check='OK' manifest=b3:ed5369c677e6…
[harness] doc 506/600 steps=1518 recall=0.33 check='OK' manifest=b3:ed5369c677e6…
[harness] doc 507/600 steps=1521 recall=0.67 check='OK' manifest=b3:ed5369c677e6…
[harness] doc 508/600 steps=1524 recall=0.67 check='OK' manifest=b3:ed5369c677e6…
[harness] doc 509/600 steps=1527 recall=0.33 check='OK' manifest=b3:ed5369c677e6…
[harness] doc 510/600 steps=1530 recall=0.33 check='OK' manifest=b3:ed5369c677e6…
[harness] doc 511/600 steps=1533 recall=0.33 check='OK' manifest=b3:ed5369c677e6…
[harness] doc 512/600 steps=1536 recall=0.33 check='OK' manifest=b3:ed5369c677e6…
[harness] doc 513/600 steps=1539 recall=0.67 check='OK' manifest=b3:ed5369c677e6…
[harness] doc 514/600 steps=1542 recall=0.67 check='OK' manifest=b3:ed5369c677e6…
[harness] doc 515/600 steps=1545 recall=0.67 check='OK' manifest=b3:ed5369c677e6…
[harness] doc 516/600 steps=1548 recall=0.33 check='OK' manifest=b3:ed5369c677e6…
[harness] doc 517/600 steps=1551 recall=0.33 check='OK' manifest=b3:ed5369c677e6…
[harness] doc 518/600 steps=1554 recall=0.67 check='OK' manifest=b3:ed5369c677e6…
[harness] doc 519/600 steps=1557 recall=0.67 check='OK' manifest=b3:ed5369c677e6…
[harness] doc 520/600 steps=1560 recall=0.33 check='OK' manifest=b3:ed5369c677e6…
[harness] doc 521/600 steps=1563 recall=0.67 check='OK' manifest=b3:ed5369c677e6…
[harness] doc 522/600 steps=1566 recall=0.67 check='OK' manifest=b3:ed5369c677e6…
[harness] doc 523/600 steps=1569 recall=0.33 check='OK' manifest=b3:ed5369c677e6…
[harness] doc 524/600 steps=1572 recall=0.67 check='OK' manifest=b3:ed5369c677e6…
[harness] doc 525/600 steps=1575 recall=0.67 check='OK' manifest=b3:ed5369c677e6…
[harness] doc 526/600 steps=1578 recall=0.67 check='OK' manifest=b3:ed5369c677e6…
[harness] doc 527/600 steps=1581 recall=0.33 check='OK' manifest=b3:ed5369c677e6…
[harness] doc 528/600 steps=1584 recall=0.67 check='OK' manifest=b3:ed5369c677e6…
[harness] doc 529/600 steps=1587 recall=0.33 check='OK' manifest=b3:ed5369c677e6…
[harness] doc 530/600 steps=1590 recall=0.00 check='OK' manifest=b3:ed5369c677e6…
[harness] doc 531/600 steps=1593 recall=0.00 check='OK' manifest=b3:ed5369c677e6…
[harness] doc 532/600 steps=1596 recall=0.67 check='OK' manifest=b3:ed5369c677e6…
[harness] doc 533/600 steps=1599 recall=0.33 check='OK' manifest=b3:ed5369c677e6…
[harness] doc 534/600 steps=1602 recall=0.67 check='OK' manifest=b3:ed5369c677e6…
[harness] doc 535/600 steps=1605 recall=0.33 check='OK' manifest=b3:ed5369c677e6…
[harness] doc 536/600 steps=1608 recall=0.33 check='OK' manifest=b3:ed5369c677e6…
[harness] doc 537/600 steps=1611 recall=0.67 check='OK' manifest=b3:ed5369c677e6…
[harness] doc 538/600 steps=1614 recall=0.67 check='OK' manifest=b3:ed5369c677e6…
[harness] doc 539/600 steps=1617 recall=0.67 check='OK' manifest=b3:ed5369c677e6…
[harness] doc 540/600 steps=1620 recall=0.33 check='OK' manifest=b3:ed5369c677e6…
[harness] doc 541/600 steps=1623 recall=0.67 check='OK' manifest=b3:ed5369c677e6…
[harness] doc 542/600 steps=1626 recall=0.67 check='OK' manifest=b3:ed5369c677e6…
[harness] doc 543/600 steps=1629 recall=0.33 check='OK' manifest=b3:ed5369c677e6…
[harness] doc 544/600 steps=1632 recall=0.67 check='OK' manifest=b3:ed5369c677e6…
[harness] doc 545/600 steps=1635 recall=0.67 check='OK' manifest=b3:ed5369c677e6…
[harness] doc 546/600 steps=1638 recall=0.33 check='OK' manifest=b3:ed5369c677e6…
[harness] doc 547/600 steps=1641 recall=0.67 check='OK' manifest=b3:ed5369c677e6…
[harness] doc 548/600 steps=1644 recall=0.33 check='OK' manifest=b3:ed5369c677e6…
[harness] doc 549/600 steps=1647 recall=0.33 check='OK' manifest=b3:ed5369c677e6…
[harness] doc 550/600 steps=1650 recall=0.33 check='OK' manifest=b3:ed5369c677e6…
[harness] doc 551/600 steps=1653 recall=0.33 check='OK' manifest=b3:ed5369c677e6…
[harness] doc 552/600 steps=1656 recall=0.67 check='OK' manifest=b3:ed5369c677e6…
[harness] doc 553/600 steps=1659 recall=0.33 check='OK' manifest=b3:ed5369c677e6…
[harness] doc 554/600 steps=1662 recall=0.33 check='OK' manifest=b3:ed5369c677e6…
[harness] doc 555/600 steps=1665 recall=0.67 check='OK' manifest=b3:ed5369c677e6…
[harness] doc 556/600 steps=1668 recall=0.67 check='OK' manifest=b3:ed5369c677e6…
[harness] doc 557/600 steps=1671 recall=0.67 check='OK' manifest=b3:ed5369c677e6…
[harness] doc 558/600 steps=1674 recall=0.67 check='OK' manifest=b3:ed5369c677e6…
[harness] doc 559/600 steps=1677 recall=0.33 check='OK' manifest=b3:ed5369c677e6…
[harness] doc 560/600 steps=1680 recall=0.67 check='OK' manifest=b3:ed5369c677e6…
[harness] doc 561/600 steps=1683 recall=0.33 check='OK' manifest=b3:ed5369c677e6…
[harness] doc 562/600 steps=1686 recall=0.00 check='OK' manifest=b3:ed5369c677e6…
[harness] doc 563/600 steps=1689 recall=0.67 check='OK' manifest=b3:ed5369c677e6…
[harness] doc 564/600 steps=1692 recall=0.67 check='OK' manifest=b3:ed5369c677e6…
[harness] doc 565/600 steps=1695 recall=0.33 check='OK' manifest=b3:ed5369c677e6…
[harness] doc 566/600 steps=1698 recall=0.00 check='OK' manifest=b3:ed5369c677e6…
[harness] doc 567/600 steps=1701 recall=0.33 check='OK' manifest=b3:ed5369c677e6…
[harness] doc 568/600 steps=1704 recall=0.33 check='OK' manifest=b3:ed5369c677e6…
[harness] doc 569/600 steps=1707 recall=0.67 check='OK' manifest=b3:ed5369c677e6…
[harness] doc 570/600 steps=1710 recall=0.00 check='OK' manifest=b3:ed5369c677e6…
[harness] doc 571/600 steps=1713 recall=0.33 check='OK' manifest=b3:ed5369c677e6…
[harness] doc 572/600 steps=1716 recall=0.67 check='OK' manifest=b3:ed5369c677e6…
[harness] doc 573/600 steps=1719 recall=0.00 check='OK' manifest=b3:ed5369c677e6…
[harness] doc 574/600 steps=1722 recall=0.33 check='OK' manifest=b3:ed5369c677e6…
[harness] doc 575/600 steps=1725 recall=0.67 check='OK' manifest=b3:ed5369c677e6…
[harness] doc 576/600 steps=1728 recall=0.67 check='OK' manifest=b3:ed5369c677e6…
[harness] doc 577/600 steps=1731 recall=0.33 check='OK' manifest=b3:ed5369c677e6…
[harness] doc 578/600 steps=1734 recall=0.67 check='OK' manifest=b3:ed5369c677e6…
[harness] doc 579/600 steps=1737 recall=0.67 check='OK' manifest=b3:ed5369c677e6…
[harness] doc 580/600 steps=1740 recall=0.67 check='OK' manifest=b3:ed5369c677e6…
[harness] doc 581/600 steps=1743 recall=0.33 check='OK' manifest=b3:ed5369c677e6…
[harness] doc 582/600 steps=1746 recall=0.33 check='OK' manifest=b3:ed5369c677e6…
[harness] doc 583/600 steps=1749 recall=0.67 check='OK' manifest=b3:ed5369c677e6…
[harness] doc 584/600 steps=1752 recall=0.33 check='OK' manifest=b3:ed5369c677e6…
[harness] doc 585/600 steps=1755 recall=0.33 check='OK' manifest=b3:ed5369c677e6…
[harness] doc 586/600 steps=1758 recall=0.67 check='OK' manifest=b3:ed5369c677e6…
[harness] doc 587/600 steps=1761 recall=0.33 check='OK' manifest=b3:ed5369c677e6…
[harness] doc 588/600 steps=1764 recall=0.33 check='OK' manifest=b3:ed5369c677e6…
[harness] doc 589/600 steps=1767 recall=0.67 check='OK' manifest=b3:ed5369c677e6…
[harness] doc 590/600 steps=1770 recall=0.33 check='OK' manifest=b3:ed5369c677e6…
[harness] doc 591/600 steps=1773 recall=0.33 check='OK' manifest=b3:ed5369c677e6…
[harness] doc 592/600 steps=1776 recall=0.67 check='OK' manifest=b3:ed5369c677e6…
[harness] doc 593/600 steps=1779 recall=0.67 check='OK' manifest=b3:ed5369c677e6…
[harness] doc 594/600 steps=1782 recall=0.67 check='OK' manifest=b3:ed5369c677e6…
[harness] doc 595/600 steps=1785 recall=0.67 check='OK' manifest=b3:ed5369c677e6…
[harness] doc 596/600 steps=1788 recall=0.67 check='OK' manifest=b3:ed5369c677e6…
[harness] doc 597/600 steps=1791 recall=0.67 check='OK' manifest=b3:ed5369c677e6…
[harness] doc 598/600 steps=1794 recall=0.33 check='OK' manifest=b3:ed5369c677e6…
[harness] doc 599/600 steps=1797 recall=0.67 check='OK' manifest=b3:ed5369c677e6…
[harness] doc 600/600 steps=1800 recall=0.33 check='OK' manifest=b3:ed5369c677e6…
[harness] done {"run_id": "toy", "reloads": [], "stats": {"steps": 1800, "reruns": 0, "stale_retries": 0}, "seconds": 262.04, "no_reload": false}
[run] FAILED: supervisor exit 1, harness exit 0
[run] 262.5s
