[run] workdir /content/agentvcs/examples/toy_pipeline/workdir-smoke
[run] manifest v1 b3:ed5369c677e6292f655a704a106b472e3b19d7b2464c2de5a57ed1e819524401
[harness] doc 1/60 steps=3 recall=0.67 check='OK' manifest=b3:ed5369c677e6…
[harness] doc 2/60 steps=6 recall=0.33 check='OK' manifest=b3:ed5369c677e6…
[harness] doc 3/60 steps=9 recall=0.33 check='OK' manifest=b3:ed5369c677e6…
[harness] doc 4/60 steps=12 recall=0.67 check='OK' manifest=b3:ed5369c677e6…
[harness] doc 5/60 steps=15 recall=0.67 check='OK' manifest=b3:ed5369c677e6…
[harness] doc 6/60 steps=18 recall=0.33 check='OK' manifest=b3:ed5369c677e6…
[harness] doc 7/60 steps=21 recall=0.33 check='OK' manifest=b3:ed5369c677e6…
[harness] doc 8/60 steps=24 recall=0.33 check='OK' manifest=b3:ed5369c677e6…
[harness] doc 9/60 steps=27 recall=0.33 check='OK' manifest=b3:ed5369c677e6…
[harness] doc 10/60 steps=30 recall=0.33 check='OK' manifest=b3:ed5369c677e6…
[harness] doc 11/60 steps=33 recall=0.33 check='OK' manifest=b3:ed5369c677e6…
[harness] doc 12/60 steps=36 recall=0.67 check='OK' manifest=b3:ed5369c677e6…
[harness] doc 13/60 steps=39 recall=0.33 check='OK' manifest=b3:ed5369c677e6…
[harness] doc 14/60 steps=42 recall=0.67 check='OK' manifest=b3:ed5369c677e6…
[supervisor] 15 extractions, mean recall 0.422; checker flagged steps []
[harness] doc 15/60 steps=45 recall=0.00 check='OK' manifest=b3:ed5369c677e6…
[supervisor] proposed b3:e4b07fbd634f…: ['extract.prompt']
[harness] doc 16/60 steps=48 recall=0.33 check='OK' manifest=b3:ed5369c677e6…
[harness] doc 17/60 steps=51 recall=0.33 check='OK' manifest=b3:ed5369c677e6…
[harness] doc 18/60 steps=54 recall=0.33 check='OK' manifest=b3:ed5369c677e6…
[harness] doc 19/60 steps=57 recall=0.67 check='OK' manifest=b3:ed5369c677e6…
[supervisor] gate toy-holdout: {'extract.recall': 0.9166666666666666, 'n': 12} passed=True
[harness] doc 20/60 steps=60 recall=0.33 check='OK' manifest=b3:ed5369c677e6…
[supervisor] applied b3:e4b07fbd634f… at seq 61
{"patch_id": "b3:e4b07fbd634f1e3a1500b5144dabe84c0cd3b49aa4edc1c973d828e6c509bb60", "applied": true, "seq": 61, "gate_result": {"suite": "toy-holdout", "suite_hash": "b3:12e077a5b6a29fc92b70f0cc1f11a5ef80e254961a1b9d413cb05a7a65eeba73", "metrics": {"extract.recall": 0.9166666666666666, "n": 12}, "thresholds": {"extract.recall": {"op": ">=", "value": 0.9}}, "passed": true, "evidence": ["b3:5874e38d27a8cadc3dd6195d078b81b349527f6c4969ef62d81de9da89bc7c61"]}}
[harness] patch b3:e4b07fbd634f… at step 60: extract.prompt reloaded
[harness] doc 21/60 steps=63 recall=0.67 check='OK' manifest=b3:03a03769e27e…
[harness] doc 22/60 steps=66 recall=0.67 check='OK' manifest=b3:03a03769e27e…
[harness] doc 23/60 steps=69 recall=0.67 check='OK' manifest=b3:03a03769e27e…
[harness] doc 24/60 steps=72 recall=0.67 check='OK' manifest=b3:03a03769e27e…
[harness] doc 25/60 steps=75 recall=1.00 check='OK' manifest=b3:03a03769e27e…
[harness] doc 26/60 steps=78 recall=1.00 check='OK' manifest=b3:03a03769e27e…
[harness] doc 27/60 steps=81 recall=0.67 check='OK' manifest=b3:03a03769e27e…
[harness] doc 28/60 steps=84 recall=1.00 check='OK' manifest=b3:03a03769e27e…
[harness] doc 29/60 steps=87 recall=1.00 check='OK' manifest=b3:03a03769e27e…
[harness] doc 30/60 steps=90 recall=0.67 check='OK' manifest=b3:03a03769e27e…
[harness] doc 31/60 steps=93 recall=1.00 check='OK' manifest=b3:03a03769e27e…
[harness] doc 32/60 steps=96 recall=0.67 check='OK' manifest=b3:03a03769e27e…
[harness] doc 33/60 steps=99 recall=1.00 check='OK' manifest=b3:03a03769e27e…
[harness] doc 34/60 steps=102 recall=0.67 check='OK' manifest=b3:03a03769e27e…
[harness] doc 35/60 steps=105 recall=0.67 check='OK' manifest=b3:03a03769e27e…
[harness] doc 36/60 steps=108 recall=1.00 check='OK' manifest=b3:03a03769e27e…
[harness] doc 37/60 steps=111 recall=0.67 check='OK' manifest=b3:03a03769e27e…
[harness] doc 38/60 steps=114 recall=0.67 check='OK' manifest=b3:03a03769e27e…
[harness] doc 39/60 steps=117 recall=0.67 check='OK' manifest=b3:03a03769e27e…
[harness] doc 40/60 steps=120 recall=1.00 check='OK' manifest=b3:03a03769e27e…
[harness] doc 41/60 steps=123 recall=1.00 check='OK' manifest=b3:03a03769e27e…
[harness] doc 42/60 steps=126 recall=1.00 check='OK' manifest=b3:03a03769e27e…
[harness] doc 43/60 steps=129 recall=1.00 check='OK' manifest=b3:03a03769e27e…
[harness] doc 44/60 steps=132 recall=1.00 check='OK' manifest=b3:03a03769e27e…
[harness] doc 45/60 steps=135 recall=0.67 check='OK' manifest=b3:03a03769e27e…
[harness] doc 46/60 steps=138 recall=0.67 check='OK' manifest=b3:03a03769e27e…
[harness] doc 47/60 steps=141 recall=1.00 check='OK' manifest=b3:03a03769e27e…
[harness] doc 48/60 steps=144 recall=1.00 check='OK' manifest=b3:03a03769e27e…
[harness] doc 49/60 steps=147 recall=0.67 check='OK' manifest=b3:03a03769e27e…
[harness] doc 50/60 steps=150 recall=1.00 check='OK' manifest=b3:03a03769e27e…
[harness] doc 51/60 steps=153 recall=0.67 check='OK' manifest=b3:03a03769e27e…
[harness] doc 52/60 steps=156 recall=1.00 check='OK' manifest=b3:03a03769e27e…
[harness] doc 53/60 steps=159 recall=0.67 check='OK' manifest=b3:03a03769e27e…
[harness] doc 54/60 steps=162 recall=0.67 check='OK' manifest=b3:03a03769e27e…
[harness] doc 55/60 steps=165 recall=1.00 check='OK' manifest=b3:03a03769e27e…
[harness] doc 56/60 steps=168 recall=1.00 check='OK' manifest=b3:03a03769e27e…
[harness] doc 57/60 steps=171 recall=1.00 check='OK' manifest=b3:03a03769e27e…
[harness] doc 58/60 steps=174 recall=0.67 check='OK' manifest=b3:03a03769e27e…
[harness] doc 59/60 steps=177 recall=0.67 check='OK' manifest=b3:03a03769e27e…
[harness] doc 60/60 steps=180 recall=0.67 check='OK' manifest=b3:03a03769e27e…
[harness] done {"run_id": "toy", "reloads": [{"patch_id": "b3:e4b07fbd634f1e3a1500b5144dabe84c0cd3b49aa4edc1c973d828e6c509bb60", "at_step": 60, "dimensions": ["extract.prompt"]}], "stats": {"steps": 180, "reruns": 1, "stale_retries": 0}, "seconds": 119.89, "no_reload": false}
[run] blame extract.recall: steps 0-59 mean 0.417 (n=20) | steps 60-179 mean 0.825 (n=40)
[run] attribution: delta +0.408 -> patches ['b3:e4b07fbd634f…'] (supervisor's patch b3:e4b07fbd634f…)
[run] OK: result in /content/agentvcs/examples/toy_pipeline/workdir-smoke/result.json
[run] 120.8s
